###############################################################################
#
# IAR ELF Linker V9.32.2.340/W64 for ARM                  23/Mar/2023  18:46:00
# Copyright 2007-2023 IAR Systems AB.
#
#    Output file  =
#        C:\Users\luigi\Documents\2023\Embarcados\Luigi\lab1-luigi\Debug\Exe\lab01-luigi.out
#    Map file     =
#        C:\Users\luigi\Documents\2023\Embarcados\Luigi\lab1-luigi\Debug\List\lab01-luigi.map
#    Command line =
#        -f
#        C:\Users\luigi\Documents\2023\Embarcados\Luigi\lab1-luigi\Debug\Exe\lab01-luigi.out.rsp
#        (C:\Users\luigi\Documents\2023\Embarcados\Luigi\lab1-luigi\Debug\Obj\main.o
#        --redirect _Printf=_PrintfFullNoMb --redirect _Scanf=_ScanfFullNoMb
#        --no_out_extension -o
#        C:\Users\luigi\Documents\2023\Embarcados\Luigi\lab1-luigi\Debug\Exe\lab01-luigi.out
#        --map
#        C:\Users\luigi\Documents\2023\Embarcados\Luigi\lab1-luigi\Debug\List\lab01-luigi.map
#        --config "C:\Program Files\IAR Systems\Embedded Workbench
#        9.1\arm\config\generic_cortex.icf" --semihosting --entry
#        __iar_program_start --vfe --text_out locale --cpu=Cortex-M3
#        --fpu=None)
#
###############################################################################

*******************************************************************************
*** RUNTIME MODEL ATTRIBUTES
***

CppFlavor                     = *
__CPP_Exceptions              = Disabled
__CPP_Language                = C++14
__CPP_Library                 = DLib
__CPP_Runtime                 = 1
__Heap_Handler                = Basic
__SystemLibrary               = DLib
__dlib_dynamic_initialization = normal
__dlib_version                = 6


*******************************************************************************
*** HEAP SELECTION
***

The basic heap was selected because --advanced_heap
was not specified and the application did not appear to
be primarily optimized for speed.


*******************************************************************************
*** PLACEMENT SUMMARY
***

"A0":  place at address 0x0 { ro section .intvec };
"P1":  place in [from 0x0 to 0x7'ffff] { ro };
define block CSTACK with size = 1K, alignment = 8 { };
define block PROC_STACK with size = 0, alignment = 8 { };
define block HEAP with size = 2K, alignment = 8 { };
"P2":  place in [from 0x2000'0000 to 0x2000'ffff] {
          rw, block CSTACK, block PROC_STACK, block HEAP };
initialize by copy { rw };

  Section                Kind         Address    Size  Object
  -------                ----         -------    ----  ------
"A0":                                            0x40
  .intvec                ro code          0x0    0x40  vector_table_M.o [6]
                                       - 0x40    0x40

"P1":                                          0x59b4
  .text                  ro code         0x40   0xeae  xprintffull_nomb.o [2]
  .text                  ro code        0xeee    0x2a  copy_init3.o [6]
  .text                  ro code        0xf18    0x16  strchr.o [6]
  .text                  ro code        0xf2e    0x22  iostream_cin.o [3]
  .text                  ro code        0xf50    0x40  xfail_s.o [2]
  .text                  ro code        0xf90    0x36  strlen.o [6]
  .text                  ro code        0xfc6     0xa  xsprout.o [2]
  .text                  ro code        0xfd0    0x58  memchr.o [6]
  .text                  ro code       0x1028    0x76  ABImemcpy_unaligned.o [6]
  .text                  ro code       0x109e     0x6  iostream_cin.o [3]
  .text                  ro code       0x10a4    0x70  frexp.o [5]
  .text                  ro code       0x1114    0x34  DblCmpLe.o [5]
  .text                  ro code       0x1148    0x34  DblCmpGe.o [5]
  .text                  ro code       0x117c   0x13a  ldexp.o [5]
  .text                  ro code       0x12b6     0x6  iostream_cin.o [3]
  .text                  ro code       0x12bc    0x36  DblToS32.o [5]
  .rodata                const         0x12f2     0x2  main.o [1]
  .text                  ro code       0x12f4    0x22  S32ToDbl.o [5]
  .text                  ro code       0x1316     0x2  iostream_cin.o [3]
  .text                  ro code       0x1318   0x24e  DblAddSub.o [5]
  .text                  ro code       0x1566     0x2  iostream_cin.o [3]
  .text                  ro code       0x1568   0x246  DblDiv.o [5]
  .text                  ro code       0x17ae     0x2  vectortrap_M.o [6]
  .text                  ro code       0x17b0    0x22  DblToU32.o [5]
  .rodata                const         0x17d2     0x1  main.o [1]
  .rodata                zero          0x17d3     0x1  main.o [1]
  .text                  ro code       0x17d4    0x1c  U32ToDbl.o [5]
  .text                  ro code       0x17f0   0x1aa  DblMul.o [5]
  .rodata                zero          0x199a     0x1  main.o [1]
  .rodata                const         0x199b     0x1  unwind_debug.o [7]
  .text                  ro code       0x199c   0x230  I64DivMod.o [6]
  .text                  ro code       0x1bcc     0x6  abort.o [2]
  .text                  ro code       0x1bd4     0x2  I64DivZer.o [6]
  .text                  ro code       0x1bd8    0x14  exit.o [7]
  .text                  ro code       0x1bec    0x7c  iarttio.o [7]
  .text                  ro code       0x1c68     0x8  XShttio.o [2]
  .text                  ro code       0x1c70   0x4ac  main.o [1]
  .text                  ro code       0x211c     0x4  main.o [1]
  .text                  ro code       0x2120     0x6  main.o [1]
  .text                  ro code       0x2128   0x498  main.o [1]
  .text                  ro code       0x25c0    0x30  main.o [1]
  .text                  ro code       0x25f0     0xa  main.o [1]
  .text                  ro code       0x25fc    0x20  main.o [1]
  .text                  ro code       0x261c    0x12  main.o [1]
  .text                  ro code       0x262e     0x8  main.o [1]
  .text                  ro code       0x2636    0x14  main.o [1]
  .text                  ro code       0x264a     0xe  main.o [1]
  .text                  ro code       0x2658     0xc  main.o [1]
  .text                  ro code       0x2664     0xa  main.o [1]
  .text                  ro code       0x266e    0x14  main.o [1]
  .text                  ro code       0x2682    0x1e  main.o [1]
  .text                  ro code       0x26a0     0xa  main.o [1]
  .text                  ro code       0x26aa    0x2a  main.o [1]
  .text                  ro code       0x26d4    0x5a  main.o [1]
  .text                  ro code       0x272e     0xc  main.o [1]
  .text                  ro code       0x273a    0x12  main.o [1]
  .text                  ro code       0x274c     0xa  main.o [1]
  .text                  ro code       0x2758    0x18  main.o [1]
  .text                  ro code       0x2770     0xa  cxxabi.o [4]
  .text                  ro code       0x277c    0x18  main.o [1]
  .text                  ro code       0x2794    0x40  main.o [1]
  .text                  ro code       0x27d4    0x3a  main.o [1]
  .text                  ro code       0x280e    0x34  main.o [1]
  .text                  ro code       0x2842     0xc  main.o [1]
  .text                  ro code       0x284e     0xa  main.o [1]
  .text                  ro code       0x2858     0x8  main.o [1]
  .text                  ro code       0x2860    0x7a  main.o [1]
  .text                  ro code       0x28da    0x3a  main.o [1]
  .text                  ro code       0x2914     0xa  main.o [1]
  .text                  ro code       0x291e    0x7a  main.o [1]
  .text                  ro code       0x2998    0x2a  main.o [1]
  .text                  ro code       0x29c2    0x28  main.o [1]
  .text                  ro code       0x29ea     0xc  main.o [1]
  .text                  ro code       0x29f6     0x8  main.o [1]
  .text                  ro code       0x2a00    0xa0  cppinit.o [2]
  .text                  ro code       0x2aa0     0x8  main.o [1]
  .text                  ro code       0x2aa8    0x24  main.o [1]
  .text                  ro code       0x2acc    0x12  main.o [1]
  .text                  ro code       0x2ade     0x6  main.o [1]
  .text                  ro code       0x2ae4    0x24  main.o [1]
  .text                  ro code       0x2b08     0x8  main.o [1]
  .text                  ro code       0x2b10    0x12  main.o [1]
  .text                  ro code       0x2b24    0x18  main.o [1]
  .text                  ro code       0x2b3c     0xa  main.o [1]
  .text                  ro code       0x2b46     0x8  main.o [1]
  .text                  ro code       0x2b4e     0x8  main.o [1]
  .text                  ro code       0x2b56     0x8  main.o [1]
  .text                  ro code       0x2b60    0x10  main.o [1]
  .text                  ro code       0x2b70     0xe  main.o [1]
  .text                  ro code       0x2b7e     0x8  main.o [1]
  .text                  ro code       0x2b86     0x8  main.o [1]
  .text                  ro code       0x2b8e    0x18  main.o [1]
  .text                  ro code       0x2ba6    0xd6  main.o [1]
  .text                  ro code       0x2c7c     0x6  main.o [1]
  .text                  ro code       0x2c82    0x10  main.o [1]
  .text                  ro code       0x2c92    0x12  main.o [1]
  .text                  ro code       0x2ca4    0x28  main.o [1]
  .text                  ro code       0x2ccc     0xc  main.o [1]
  .text                  ro code       0x2cd8    0x18  main.o [1]
  .text                  ro code       0x2cf0     0x6  main.o [1]
  .text                  ro code       0x2cf6     0x4  main.o [1]
  .text                  ro code       0x2cfa     0xe  main.o [1]
  .text                  ro code       0x2d08     0x2  main.o [1]
  .text                  ro code       0x2d0a    0x1c  main.o [1]
  .text                  ro code       0x2d26     0x2  main.o [1]
  .text                  ro code       0x2d28     0x8  main.o [1]
  .text                  ro code       0x2d30     0x2  main.o [1]
  .text                  ro code       0x2d32     0xc  main.o [1]
  .text                  ro code       0x2d3e     0x2  main.o [1]
  .text                  ro code       0x2d40     0x8  main.o [1]
  .text                  ro code       0x2d48     0x8  main.o [1]
  .text                  ro code       0x2d50     0x8  main.o [1]
  .text                  ro code       0x2d58     0x2  main.o [1]
  .text                  ro code       0x2d5a    0x18  main.o [1]
  .text                  ro code       0x2d74    0x66  ABImemset.o [6]
  .text                  ro code       0x2ddc    0x44  main.o [1]
  .text                  ro code       0x2e20     0x4  main.o [1]
  .text                  ro code       0x2e24     0x2  main.o [1]
  .text                  ro code       0x2e26     0x8  main.o [1]
  .text                  ro code       0x2e2e     0xa  main.o [1]
  .text                  ro code       0x2e38     0x2  main.o [1]
  .text                  ro code       0x2e3a     0x8  main.o [1]
  .text                  ro code       0x2e42     0x2  main.o [1]
  .text                  ro code       0x2e44     0x8  main.o [1]
  .text                  ro code       0x2e4c     0xc  main.o [1]
  .text                  ro code       0x2e58     0x2  main.o [1]
  .text                  ro code       0x2e5a    0x18  main.o [1]
  .text                  ro code       0x2e72    0x34  main.o [1]
  .text                  ro code       0x2ea6    0x1a  main.o [1]
  .text                  ro code       0x2ec0     0x2  main.o [1]
  .text                  ro code       0x2ec2     0xa  delop_0.o [4]
  .text                  ro code       0x2ecc     0x6  main.o [1]
  .text                  ro code       0x2ed2    0x12  main.o [1]
  .text                  ro code       0x2ee4    0x20  main.o [1]
  .text                  ro code       0x2f04   0x13c  heap0.o [2]
  .text                  ro code       0x3040     0x4  heaptramp0.o [2]
  .text                  ro code       0x3044    0x24  newop_0.o [4]
  .text                  ro code       0x3068     0x4  main.o [1]
  .text                  ro code       0x306c    0x2c  xgetmemchunk.o [2]
  .text                  ro code       0x3098     0x4  nomemory.o [4]
  .text                  ro code       0x309c   0x2ac  main.o [1]
  .text                  ro code       0x3348    0x22  strcspn.o [2]
  .text                  ro code       0x336a     0x6  main.o [1]
  .text                  ro code       0x3370    0x96  main.o [1]
  .text                  ro code       0x3406     0x4  main.o [1]
  .text                  ro code       0x340a    0x2e  main.o [1]
  .text                  ro code       0x3438    0x2e  main.o [1]
  .text                  ro code       0x3466     0x8  main.o [1]
  .text                  ro code       0x346e     0xe  main.o [1]
  .text                  ro code       0x347c     0x2  main.o [1]
  .text                  ro code       0x347e    0x2e  main.o [1]
  .text                  ro code       0x34ac     0x2  main.o [1]
  .text                  ro code       0x34b0    0x78  ABImemmove_unaligned.o [6]
  .text                  ro code       0x3528    0x32  main.o [1]
  .text                  ro code       0x355a    0x18  main.o [1]
  .text                  ro code       0x3572     0xe  main.o [1]
  .text                  ro code       0x3580   0x27c  strto32.o [5]
  .text                  ro code       0x37fc    0xd8  FltMul.o [5]
  .text                  ro code       0x38d4    0x40  frexpf.o [5]
  .text                  ro code       0x3914   0x118  FltDiv.o [5]
  .text                  ro code       0x3a2c    0x8a  ldexpf.o [5]
  .text                  ro code       0x3ab6   0x120  iar_Stopfx.o [2]
  .text                  ro code       0x3bd8   0x1a8  iar_Stoflt.o [2]
  .text                  ro code       0x3d80    0x24  S32ToFlt.o [5]
  .text                  ro code       0x3da4   0x162  FltAddSub.o [5]
  .text                  ro code       0x3f08   0x20c  iar_Stoxflt.o [2]
  .text                  ro code       0x4114   0x1d0  main.o [1]
  .text                  ro code       0x42e4     0x4  main.o [1]
  .text                  ro code       0x42e8    0x20  DblCmpEq.o [5]
  .text                  ro code       0x4308    0xfe  main.o [1]
  .text                  ro code       0x4408    0x40  sprintf.o [2]
  .text                  ro code       0x4448   0x1b2  main.o [1]
  .text                  ro code       0x45fa     0x8  main.o [1]
  .text                  ro code       0x4602    0x72  main.o [1]
  .text                  ro code       0x4674     0x4  main.o [1]
  .text                  ro code       0x4678     0x8  main.o [1]
  .text                  ro code       0x4680     0x6  main.o [1]
  .text                  ro code       0x4686     0x4  main.o [1]
  .text                  ro code       0x468a     0xa  main.o [1]
  .text                  ro code       0x4694    0x28  main.o [1]
  .text                  ro code       0x46bc     0xe  main.o [1]
  .text                  ro code       0x46ca     0x8  main.o [1]
  .text                  ro code       0x46d2    0x14  main.o [1]
  .text                  ro code       0x46e6     0x4  main.o [1]
  .text                  ro code       0x46ea    0x54  main.o [1]
  .text                  ro code       0x473e     0x4  main.o [1]
  .text                  ro code       0x4742    0x18  main.o [1]
  .text                  ro code       0x475a     0x8  main.o [1]
  .text                  ro code       0x4762    0x28  main.o [1]
  .text                  ro code       0x478a     0xa  main.o [1]
  .text                  ro code       0x4794    0x14  main.o [1]
  .text                  ro code       0x47a8   0x100  ios.o [3]
  .text                  ro code       0x48a8     0x8  main.o [1]
  .text                  ro code       0x48b0    0x54  main.o [1]
  .text                  ro code       0x4904     0x8  main.o [1]
  .text                  ro code       0x490c     0x4  delop4_0.o [4]
  .text                  ro code       0x4910    0x48  main.o [1]
  .text                  ro code       0x4958    0x46  main.o [1]
  .text                  ro code       0x499e    0xe4  main.o [1]
  .text                  ro code       0x4a82    0x20  main.o [1]
  .text                  ro code       0x4aa2    0x42  main.o [1]
  .text                  ro code       0x4ae4     0x6  main.o [1]
  .text                  ro code       0x4aea    0x14  isspace.o [2]
  .text                  ro code       0x4afe    0x10  main.o [1]
  .text                  ro code       0x4b10    0xb0  main.o [1]
  .text                  ro code       0x4bc0    0x84  main.o [1]
  .text                  ro code       0x4c44    0xa8  main.o [1]
  .text                  ro code       0x4cec    0x1c  main.o [1]
  .text                  ro code       0x4d08     0x4  main.o [1]
  .text                  ro code       0x4d0c    0x20  main.o [1]
  .text                  ro code       0x4d2c    0x14  main.o [1]
  .text                  ro code       0x4d40    0x2e  main.o [1]
  .text                  ro code       0x4d6e     0xe  main.o [1]
  .text                  ro code       0x4d7c    0x20  main.o [1]
  .text                  ro code       0x4d9c     0x8  main.o [1]
  .text                  ro code       0x4da4    0x48  FltToDbl.o [5]
  .text                  ro code       0x4dec    0x2c  main.o [1]
  .text                  ro code       0x4e18     0x4  main.o [1]
  .text                  ro code       0x4e1c     0x8  main.o [1]
  .text                  ro code       0x4e24    0x18  main.o [1]
  .text                  ro code       0x4e3c     0x8  main.o [1]
  .text                  ro code       0x4e44    0x18  main.o [1]
  .text                  ro code       0x4e5c    0x48  main.o [1]
  .text                  ro code       0x4ea4     0x8  main.o [1]
  .text                  ro code       0x4eac    0x46  main.o [1]
  .text                  ro code       0x4ef2     0x8  main.o [1]
  .text                  ro code       0x4efc     0xc  main.o [1]
  .text                  ro code       0x4f08     0xc  main.o [1]
  .text                  ro code       0x4f14    0x94  iostream_cin.o [3]
  .text                  ro code       0x4fa8    0x5c  iostream_cin.o [3]
  .text                  ro code       0x5004    0x90  iostream_cout.o [3]
  .text                  ro code       0x5094    0x80  main.o [1]
  .text                  ro code       0x5114    0x7c  main.o [1]
  .text                  ro code       0x5190    0x22  main.o [1]
  .text                  ro code       0x51b2    0x6c  main.o [1]
  .text                  ro code       0x521e    0x5e  iostream_cin.o [3]
  .text                  ro code       0x527c    0x52  main.o [1]
  .text                  ro code       0x52ce    0x32  main.o [1]
  .text                  ro code       0x5300    0x4a  iostream_cin.o [3]
  .text                  ro code       0x534c    0x38  getchar.o [2]
  .text                  ro code       0x5384    0x30  read.o [7]
  .rodata                const         0x53b4    0x44  main.o [1]
  .rodata                const         0x53f8    0x44  iostream_cin.o [3]
  .rodata                const         0x543c    0x44  iostream_cin.o [3]
  .rodata                const         0x5480    0x3c  main.o [1]
  .rodata                const         0x54bc    0x3c  main.o [1]
  .text                  ro code       0x54f8    0x38  iostream_cin.o [3]
  .text                  ro code       0x5530    0x20  putchar.o [2]
  .text                  ro code       0x5550    0x10  write.o [7]
  .text                  ro code       0x5560    0x1e  dwrite.o [7]
  .text                  ro code       0x557e    0x20  iarwstd.o [7]
  .text                  ro code       0x559e    0x22  iarwrite.o [7]
  .text                  ro code       0x55c0    0x38  zero_init3.o [6]
  .text                  ro code       0x55f8    0x34  iostream_cin.o [3]
  .rodata                const         0x562c    0x30  main.o [1]
  .rodata                const         0x565c    0x30  main.o [1]
  .text                  ro code       0x568c    0x2c  iostream_cin.o [3]
  .rodata                const         0x56b8    0x28  iostream_cin.o [3]
  .rodata                const         0x56e0    0x28  iostream_cout.o [3]
  .text                  ro code       0x5708    0x28  data_init.o [6]
  .rodata                const         0x5730    0x24  main.o [1]
  .rodata                const         0x5754    0x24  main.o [1]
  .text                  ro code       0x5778    0x24  main.o [1]
  .text                  ro code       0x579c    0x18  main.o [1]
  .iar.init_table        const         0x57b4    0x28  - Linker created -
  .rodata                const         0x57dc    0x20  main.o [1]
  .text                  ro code       0x57fc    0x20  cmain_call_ctors.o [6]
  .text                  ro code       0x581c    0x1e  cmain.o [6]
  .text                  ro code       0x583a     0x4  low_level_init.o [2]
  .text                  ro code       0x583e     0x4  exit.o [2]
  .text                  ro code       0x5844     0xe  cexit.o [6]
  .text                  ro code       0x5854    0x1c  cstartup_M.o [6]
  .text                  ro code       0x5870    0x18  main.o [1]
  .text                  ro code       0x5888    0x18  main.o [1]
  .rodata                const         0x58a0    0x14  main.o [1]
  .rodata                const         0x58b4    0x14  main.o [1]
  .rodata                const         0x58c8    0x14  main.o [1]
  .text                  ro code       0x58dc    0x14  iostream_cout.o [3]
  Initializer bytes      const         0x58f0    0x14  <for P2-1>
  .rodata                const         0x5904    0x10  main.o [1]
  .rodata                const         0x5914    0x10  main.o [1]
  .rodata                const         0x5924    0x10  main.o [1]
  .rodata                const         0x5934    0x10  ios.o [3]
  .rodata                const         0x5944    0x10  iostream_cin.o [3]
  .text                  ro code       0x5954    0x10  iostream_cin.o [3]
  .text                  ro code       0x5964     0xe  main.o [1]
  .text                  ro code       0x5972     0x8  main.o [1]
  .text                  ro code       0x597a     0xe  iostream_cout.o [3]
  .rodata                const         0x5988     0xc  main.o [1]
  .rodata                const         0x5994     0xc  main.o [1]
  SHT$$PREINIT_ARRAY                   0x59a0     0x8  <Block>
    .preinit_array       const         0x59a0     0x4  iostream_cin.o [3]
    .preinit_array       const         0x59a4     0x4  iostream_cout.o [3]
  SHT$$INIT_ARRAY                      0x59a8     0x4  <Block>
    .init_array          const         0x59a8     0x4  ios.o [3]
  __iar_tls$$INIT_ARRAY                0x59ac     0x0  <Block>
  .text                  ro code       0x59ac     0xa  main.o [1]
  .rodata                const         0x59b8     0x8  main.o [1]
  .rodata                const         0x59c0     0x8  main.o [1]
  .rodata                const         0x59c8     0x8  main.o [1]
  .rodata                const         0x59d0     0x8  main.o [1]
  .rodata                const         0x59d8     0x8  main.o [1]
  .rodata                const         0x59e0     0x4  main.o [1]
  .rodata                const         0x59e4     0x4  main.o [1]
  .text                  ro code       0x59e8     0x4  main.o [1]
  .text                  ro code       0x59ec     0x4  main.o [1]
  .text                  ro code       0x59f0     0x4  iostream_cin.o [3]
  .text                  ro code       0x59f4     0x0  cstart_call_dtors.o [6]
  .rodata                const         0x59f4     0x0  zero_init3.o [6]
  .rodata                const         0x59f4     0x0  copy_init3.o [6]
                                     - 0x59f4  0x59b4

"P2", part 1 of 3:                               0x14
  P2-1                            0x2000'0000    0x14  <Init block>
    .data                inited   0x2000'0000     0x8  main.o [1]
    .data                inited   0x2000'0008     0x4  getchar.o [2]
    .data                inited   0x2000'000c     0x8  XShttio.o [2]
                                - 0x2000'0014    0x14

"P2", part 2 of 3:                              0x168
  .bss                   zero     0x2000'0014    0x70  iostream_cin.o [3]
  .bss                   zero     0x2000'0084    0x70  iostream_cout.o [3]
  .bss                   zero     0x2000'00f4    0x34  ios.o [3]
  .bss                   zero     0x2000'0128    0x14  main.o [1]
  .bss                   zero     0x2000'0140    0x10  ios.o [3]
  .bss                   zero     0x2000'0150     0x8  heap0.o [2]
  .bss                   zero     0x2000'0158     0x4  main.o [1]
  .bss                   zero     0x2000'015c     0x4  main.o [1]
  .bss                   zero     0x2000'0160     0x4  main.o [1]
  .bss                   zero     0x2000'0164     0x4  cppinit.o [2]
  .bss                   zero     0x2000'0168     0x4  cppinit.o [2]
  .bss                   zero     0x2000'016c     0x4  new.o [4]
  .bss                   zero     0x2000'0170     0x4  xgetmemchunk.o [2]
  .bss                   zero     0x2000'0174     0x4  xfail_s.o [2]
  .bss                   zero     0x2000'0178     0x1  main.o [1]
  .bss                   zero     0x2000'0179     0x1  main.o [1]
  .bss                   zero     0x2000'017a     0x1  main.o [1]
  .bss                   zero     0x2000'017b     0x1  main.o [1]
                                - 0x2000'017c   0x168

"P2", part 3 of 3:                              0xdb4
  .iar.dynexit                    0x2000'017c   0x1b0  <Block>
    .iar.dynexit         uninit   0x2000'017c     0xc  cppinit.o [2]
    .iar.dynexit         uninit   0x2000'0188   0x1a4  <Block tail>
  CSTACK                          0x2000'0330   0x400  <Block>
    CSTACK               uninit   0x2000'0330   0x400  <Block tail>
  HEAP                            0x2000'0730   0x800  <Block>
    HEAP                 uninit   0x2000'0730   0x800  <Block tail>
                                - 0x2000'0f30   0xdb4

Unused ranges:

         From           To      Size
         ----           --      ----
       0x59f4     0x7'ffff  0x7'a60c
  0x2000'0f30  0x2000'ffff    0xf0d0


*******************************************************************************
*** INIT TABLE
***

          Address      Size
          -------      ----
Zero (__iar_zero_init3)
    1 destination range, total size 0x168:
          0x2000'0014  0x168

Copy (__iar_copy_init3)
    1 source range, total size 0x14:
               0x58f0   0x14
    1 destination range, total size 0x14:
          0x2000'0000   0x14

Extra (__iar_cstart_call_ctors)



*******************************************************************************
*** MODULE SUMMARY
***

    Module                  ro code  ro data  rw data
    ------                  -------  -------  -------
command line/config:
    -------------------------------------------------
    Total:

C:\Users\luigi\Documents\2023\Embarcados\Luigi\lab1-luigi\Debug\Obj: [1]
    main.o                    9'360      579       46
    -------------------------------------------------
    Total:                    9'360      579       46

dl7M_tln.a: [2]
    XShttio.o                     8        8        8
    abort.o                       6
    cppinit.o                   160                20
    exit.o                        4
    getchar.o                    56        4        4
    heap0.o                     316                 8
    heaptramp0.o                  4
    iar_Stoflt.o                424
    iar_Stopfx.o                288
    iar_Stoxflt.o               524
    isspace.o                    20
    low_level_init.o              4
    putchar.o                    32
    sprintf.o                    64
    strcspn.o                    34
    xfail_s.o                    64                 4
    xgetmemchunk.o               44                 4
    xprintffull_nomb.o        3'758
    xsprout.o                    10
    -------------------------------------------------
    Total:                    5'820       12       48

dlpp7M_tl_nc.a: [3]
    ios.o                       256       20       68
    iostream_cin.o              630      196      112
    iostream_cout.o             178       44      112
    -------------------------------------------------
    Total:                    1'064      260      292

dlpprt7M_tl_nc.a: [4]
    cxxabi.o                     10
    delop4_0.o                    4
    delop_0.o                    10
    new.o                                           4
    newop_0.o                    36
    nomemory.o                    4
    -------------------------------------------------
    Total:                       64                 4

m7M_tl.a: [5]
    DblAddSub.o                 590
    DblCmpEq.o                   32
    DblCmpGe.o                   52
    DblCmpLe.o                   52
    DblDiv.o                    582
    DblMul.o                    426
    DblToS32.o                   54
    DblToU32.o                   34
    FltAddSub.o                 354
    FltDiv.o                    280
    FltMul.o                    216
    FltToDbl.o                   72
    S32ToDbl.o                   34
    S32ToFlt.o                   36
    U32ToDbl.o                   28
    frexp.o                     112
    frexpf.o                     64
    ldexp.o                     314
    ldexpf.o                    138
    strto32.o                   636
    -------------------------------------------------
    Total:                    4'106

rt7M_tl.a: [6]
    ABImemcpy_unaligned.o       118
    ABImemmove_unaligned.o      120
    ABImemset.o                 102
    I64DivMod.o                 560
    I64DivZer.o                   2
    cexit.o                      14
    cmain.o                      30
    cmain_call_ctors.o           32
    copy_init3.o                 42
    cstart_call_dtors.o
    cstartup_M.o                 28
    data_init.o                  40
    memchr.o                     88
    strchr.o                     22
    strlen.o                     54
    vector_table_M.o             64
    vectortrap_M.o                2
    zero_init3.o                 56
    -------------------------------------------------
    Total:                    1'374

shb_l.a: [7]
    dwrite.o                     30
    exit.o                       20
    iarttio.o                   124
    iarwrite.o                   34
    iarwstd.o                    32
    read.o                       48
    unwind_debug.o                         1
    write.o                      16
    -------------------------------------------------
    Total:                      304        1

    Gaps                         40        2        4
    Linker created                        40    3'492
-----------------------------------------------------
    Grand Total:             22'132      894    3'886


*******************************************************************************
*** ENTRY LIST
***

Entry                       Address   Size  Type      Object
-----                       -------   ----  ----      ------
.iar.dynexit$$Base      0x2000'017c          --   Gb  - Linker created -
.iar.dynexit$$Limit     0x2000'032c          --   Gb  - Linker created -
.iar.init_table$$Base        0x57b4          --   Gb  - Linker created -
.iar.init_table$$Limit       0x57dc          --   Gb  - Linker created -
?main                        0x581d         Code  Gb  cmain.o [6]
Aldata                  0x2000'0150    0x8  Data  Lc  heap0.o [2]
BusFault_Handler             0x17af         Code  Wk  vectortrap_M.o [6]
CSTACK$$Base            0x2000'0330          --   Gb  - Linker created -
CSTACK$$Limit           0x2000'0730          --   Gb  - Linker created -
DebugMon_Handler             0x17af         Code  Wk  vectortrap_M.o [6]
Dtentox                      0x3581  0x162  Code  Lc  strto32.o [5]
DtorRecArray            0x2000'017c    0xc  Data  Lc  cppinit.o [2]
HEAP$$Base              0x2000'0730          --   Gb  - Linker created -
HEAP$$Limit             0x2000'0f30          --   Gb  - Linker created -
HardFault_Handler            0x17af         Code  Wk  vectortrap_M.o [6]
Initialization guard variable for std::ctype<char> const & std::use_facet<std::ctype<char>>()::_MyFacet
                        0x2000'0178    0x1  Data  Wk  main.o [1]
Initialization guard variable for std::num_get<char, std::istreambuf_iterator<char, std::char_traits<char>>> const & std::use_facet<std::num_get<char, std::istreambuf_iterator<char, std::char_traits<char>>>>()::_MyFacet
                        0x2000'0179    0x1  Data  Wk  main.o [1]
Initialization guard variable for std::num_put<char, std::ostreambuf_iterator<char, std::char_traits<char>>> const & std::use_facet<std::num_put<char, std::ostreambuf_iterator<char, std::char_traits<char>>>>()::_MyFacet
                        0x2000'017a    0x1  Data  Wk  main.o [1]
Initialization guard variable for std::numpunct<char> const & std::use_facet<std::numpunct<char>>()::_MyFacet
                        0x2000'017b    0x1  Data  Wk  main.o [1]
MemManage_Handler            0x17af         Code  Wk  vectortrap_M.o [6]
NMI_Handler                  0x17af         Code  Wk  vectortrap_M.o [6]
PendSV_Handler               0x17af         Code  Wk  vectortrap_M.o [6]
Region$$Table$$Base          0x57b4          --   Gb  - Linker created -
Region$$Table$$Limit         0x57dc          --   Gb  - Linker created -
SHT$$INIT_ARRAY$$Base        0x59a8          --   Gb  - Linker created -
SHT$$INIT_ARRAY$$Limit       0x59ac          --   Gb  - Linker created -
SHT$$PREINIT_ARRAY$$Base
                             0x59a0          --   Gb  - Linker created -
SHT$$PREINIT_ARRAY$$Limit
                             0x59a8          --   Gb  - Linker created -
SVC_Handler                  0x17af         Code  Wk  vectortrap_M.o [6]
SysTick_Handler              0x17af         Code  Wk  vectortrap_M.o [6]
UsageFault_Handler           0x17af         Code  Wk  vectortrap_M.o [6]
Virtual function table for std::_Wrap_facet<std::ctype<char>>
                             0x5914   0x10  Data  Wk  main.o [1]
Virtual function table for std::_Wrap_facet<std::num_get<char, std::istreambuf_iterator<char, std::char_traits<char>>>>
                             0x54bc   0x3c  Data  Wk  main.o [1]
Virtual function table for std::_Wrap_facet<std::num_put<char, std::ostreambuf_iterator<char, std::char_traits<char>>>>
                             0x565c   0x30  Data  Wk  main.o [1]
Virtual function table for std::_Wrap_facet<std::numpunct<char>>
                             0x5754   0x24  Data  Wk  main.o [1]
Virtual function table for std::__nobasic_filebuf<char, std::char_traits<char>>
                             0x543c   0x44  Data  Wk  iostream_cin.o [3]
Virtual function table for std::ctype<char>
                             0x5904   0x10  Data  Wk  main.o [1]
Virtual function table for std::ios
                             0x5944   0x10  Data  Wk  iostream_cin.o [3]
Virtual function table for std::ios_base
                             0x5934   0x10  Data  Wk  ios.o [3]
Virtual function table for std::istream
                             0x56b8   0x28  Data  Wk  iostream_cin.o [3]
Virtual function table for std::num_get<char, std::istreambuf_iterator<char, std::char_traits<char>>>
                             0x5480   0x3c  Data  Wk  main.o [1]
Virtual function table for std::num_put<char, std::ostreambuf_iterator<char, std::char_traits<char>>>
                             0x562c   0x30  Data  Wk  main.o [1]
Virtual function table for std::numpunct<char>
                             0x5730   0x24  Data  Wk  main.o [1]
Virtual function table for std::ostream
                             0x56e0   0x28  Data  Wk  iostream_cout.o [3]
Virtual function table for std::streambuf
                             0x53f8   0x44  Data  Wk  iostream_cin.o [3]
[local to ios_cpp]::std::stdopens
                        0x2000'00f4    0xc  Data  Lc  ios.o [3]
[local to ios_cpp]::std::stdstr
                        0x2000'0100   0x28  Data  Lc  ios.o [3]
[local to iostream_cin_cpp]::std::fin
                        0x2000'0044   0x40  Data  Lc  iostream_cin.o [3]
[local to iostream_cout_cpp]::std::__iarcoutguard
                        0x2000'00b0    0x1  Data  Lc  iostream_cout.o [3]
[local to iostream_cout_cpp]::std::fout
                        0x2000'00b4   0x40  Data  Lc  iostream_cout.o [3]
_LC                            0x41    0x6  Code  Lc  xprintffull_nomb.o [2]
_LitobFullNoMb                0xd0d  0x114  Code  Lc  xprintffull_nomb.o [2]
_PrintfFullNoMb                0x47  0xc98  Code  Gb  xprintffull_nomb.o [2]
_PutcharsFullNoMb             0xe79   0x2e  Code  Lc  xprintffull_nomb.o [2]
_SProut                       0xfc7    0xa  Code  Gb  xsprout.o [2]
_UngetChar              0x2000'0008    0x4  Data  Lc  getchar.o [2]
__aeabi_atexit               0x2771    0xa  Code  Gb  cxxabi.o [4]
__aeabi_cdcmpeq              0x42e9         Code  Gb  DblCmpEq.o [5]
__aeabi_cdcmple              0x1115         Code  Gb  DblCmpLe.o [5]
__aeabi_cdrcmple             0x1149         Code  Gb  DblCmpGe.o [5]
__aeabi_d2iz                 0x12bd         Code  Gb  DblToS32.o [5]
__aeabi_d2uiz                0x17b1         Code  Gb  DblToU32.o [5]
__aeabi_ddiv                 0x1569         Code  Gb  DblDiv.o [5]
__aeabi_dmul                 0x17f1         Code  Gb  DblMul.o [5]
__aeabi_dsub                 0x1485         Code  Gb  DblAddSub.o [5]
__aeabi_f2d                  0x4da5         Code  Gb  FltToDbl.o [5]
__aeabi_fadd                 0x3da5         Code  Gb  FltAddSub.o [5]
__aeabi_fdiv                 0x3915         Code  Gb  FltDiv.o [5]
__aeabi_fmul                 0x37fd         Code  Gb  FltMul.o [5]
__aeabi_i2d                  0x12f5         Code  Gb  S32ToDbl.o [5]
__aeabi_i2f                  0x3d81         Code  Gb  S32ToFlt.o [5]
__aeabi_ldiv0                0x1bd5         Code  Gb  I64DivZer.o [6]
__aeabi_memset               0x2d75         Code  Gb  ABImemset.o [6]
__aeabi_ui2d                 0x17d5         Code  Gb  U32ToDbl.o [5]
__aeabi_uldivmod             0x199d         Code  Gb  I64DivMod.o [6]
__basic_free                 0x2fb1   0x16  Code  Gb  heap0.o [2]
__basic_free_intern          0x2fc7   0x74  Code  Lc  heap0.o [2]
__basic_malloc               0x2f05   0x18  Code  Gb  heap0.o [2]
__basic_malloc_intern        0x2f1d   0x94  Code  Lc  heap0.o [2]
__call_ctors                 0x2a01   0x18  Code  Gb  cppinit.o [2]
__call_dtors                 0x2a4f    0xc  Code  Gb  cppinit.o [2]
__call_dtors0                0x2a5b   0x36  Code  Gb  cppinit.o [2]
__cexit_call_dtors           0x5847         Code  Gb  cexit.o [6]
__cmain                      0x581d         Code  Gb  cmain.o [6]
__cstart_call_dtors          0x59f4         Data  Gb  cstart_call_dtors.o [6]
__cxa_atexit                 0x2a19   0x36  Code  Gb  cppinit.o [2]
__data_GetMemChunk           0x306d   0x2c  Code  Gb  xgetmemchunk.o [2]
__data_GetMemChunk::start
                        0x2000'0170    0x4  Data  Lc  xgetmemchunk.o [2]
__dso_handle            0x2000'0168    0x4  Data  Gb  cppinit.o [2]
__dwrite                     0x5561   0x1e  Code  Gb  dwrite.o [7]
__exit                       0x1bd9   0x14  Code  Gb  exit.o [7]
__iar_Fail_s                  0xf51   0x1c  Code  Gb  xfail_s.o [2]
__iar_Memchr                  0xfd1         Code  Gb  memchr.o [6]
__iar_Memset                 0x2d75         Code  Gb  ABImemset.o [6]
__iar_Memset_word            0x2d7d         Code  Gb  ABImemset.o [6]
__iar_Sto32                  0x36e3   0xf4  Code  Gb  strto32.o [5]
__iar_Stoflt                 0x3bd9  0x1a8  Code  Gb  iar_Stoflt.o [2]
__iar_Stopfx                 0x3ab7  0x120  Code  Gb  iar_Stopfx.o [2]
__iar_Stoxflt                0x3f09  0x1d8  Code  Gb  iar_Stoxflt.o [2]
__iar_Stoxflt::digits        0x40e4   0x18  Data  Lc  iar_Stoxflt.o [2]
__iar_Stoxflt::vals          0x40fc   0x18  Data  Lc  iar_Stoxflt.o [2]
__iar_Strchr                  0xf19         Code  Gb  strchr.o [6]
__iar_close_ttio             0x1bed   0x2c  Code  Gb  iarttio.o [7]
__iar_copy_init3              0xeef   0x2a  Code  Gb  copy_init3.o [6]
__iar_cstart_call_ctors
                             0x57fd   0x20  Code  Gb  cmain_call_ctors.o [6]
__iar_data_init3             0x5709   0x28  Code  Gb  data_init.o [6]
__iar_debug_exceptions       0x199b    0x1  Data  Gb  unwind_debug.o [7]
__iar_frexp                  0x10b1         Code  Gb  frexp.o [5]
__iar_frexp32                0x38d5         Code  Gb  frexpf.o [5]
__iar_frexp64                0x10a5         Code  Gb  frexp.o [5]
__iar_frexpf                 0x38e1         Code  Gb  frexpf.o [5]
__iar_frexpl                 0x10b1         Code  Gb  frexp.o [5]
__iar_get_ttio               0x1c19   0x4c  Code  Gb  iarttio.o [7]
__iar_ldexp32                0x3a2d         Code  Gb  ldexpf.o [5]
__iar_ldexp64                0x117d         Code  Gb  ldexp.o [5]
__iar_lookup_ttioh           0x1c69    0x8  Code  Gb  XShttio.o [2]
__iar_program_start          0x5855         Code  Gb  cstartup_M.o [6]
__iar_scalbln32              0x3a2d         Code  Gb  ldexpf.o [5]
__iar_scalbln64              0x117d         Code  Gb  ldexp.o [5]
__iar_scalbn32               0x3a2d         Code  Gb  ldexpf.o [5]
__iar_scalbn64               0x117d         Code  Gb  ldexp.o [5]
__iar_sh_stdout              0x557f   0x20  Code  Gb  iarwstd.o [7]
__iar_sh_write               0x559f   0x22  Code  Gb  iarwrite.o [7]
__iar_tls$$INIT_ARRAY$$Base
                             0x59ac          --   Gb  - Linker created -
__iar_tls$$INIT_ARRAY$$Limit
                             0x59ac          --   Gb  - Linker created -
__iar_ttio_handles      0x2000'000c    0x8  Data  Lc  XShttio.o [2]
__iar_unaligned_memcpy       0x1029         Code  Gb  ABImemcpy_unaligned.o [6]
__iar_unaligned_memcpy4
                             0x1049         Code  Gb  ABImemcpy_unaligned.o [6]
__iar_unaligned_memcpy8
                             0x1049         Code  Gb  ABImemcpy_unaligned.o [6]
__iar_unaligned_memmove
                             0x34b1         Code  Gb  ABImemmove_unaligned.o [6]
__iar_unaligned_memmove4
                             0x34b1         Code  Gb  ABImemmove_unaligned.o [6]
__iar_unaligned_memmove8
                             0x34b1         Code  Gb  ABImemmove_unaligned.o [6]
__iar_zero_init3             0x55c1   0x38  Code  Gb  zero_init3.o [6]
__low_level_init             0x583b    0x4  Code  Gb  low_level_init.o [2]
__read                       0x5385   0x30  Code  Gb  read.o [7]
__sti__routine               0x47ab    0xa  Code  Lc  ios.o [3]
__sti__routine               0x4f15   0x94  Code  Lc  iostream_cin.o [3]
__sti__routine               0x5005   0x90  Code  Lc  iostream_cout.o [3]
__ungetchar                  0x537b    0x6  Code  Gb  getchar.o [2]
__vector_table                  0x0         Data  Gb  vector_table_M.o [6]
__write                      0x5551   0x10  Code  Gb  write.o [7]
_call_main                   0x5829         Code  Gb  cmain.o [6]
_exit                        0x5845         Code  Gb  cexit.o [6]
abort                        0x1bcd    0x6  Code  Gb  abort.o [2]
bool std::operator !=<char, std::char_traits<char>>(std::istreambuf_iterator<char, std::char_traits<char>> const &, std::istreambuf_iterator<char, std::char_traits<char>> const &)
                             0x266f   0x14  Code  Wk  main.o [1]
bool std::operator ==<char, std::char_traits<char>>(std::istreambuf_iterator<char, std::char_traits<char>> const &, std::istreambuf_iterator<char, std::char_traits<char>> const &)
                             0x262f    0x8  Code  Wk  main.o [1]
char * && std::forward<char *>(std::remove_reference<char *>::type &)
                             0x2e59    0x2  Code  Wk  main.o [1]
char * std::_Addressof<char>(char &, std::integral_constant<bool, (bool)0>)
                             0x2d31    0x2  Code  Wk  main.o [1]
char * std::_Allocate<char>(unsigned int, char *)
                             0x2ed3   0x12  Code  Wk  main.o [1]
char * std::_Maklocstr<char>(char const *, char *)
                             0x2e73   0x34  Code  Wk  main.o [1]
char * std::addressof<char>(char &)
                             0x2b61   0x10  Code  Wk  main.o [1]
char std::_Maklocchr<char>(char, char *)
                             0x2e21    0x4  Code  Wk  main.o [1]
const std::allocator<char>& && std::forward<const std::allocator<char>&>(std::remove_reference<const std::allocator<char>&>::type &)
                             0x2e25    0x2  Code  Wk  main.o [1]
exit                         0x583f    0x4  Code  Gb  exit.o [2]
free                         0x3041    0x4  Code  Gb  heaptramp0.o [2]
frexp                        0x10a5         Code  Gb  frexp.o [5]
frexpf                       0x38d5         Code  Gb  frexpf.o [5]
frexpl                       0x10a5         Code  Gb  frexp.o [5]
getchar                      0x534d   0x2e  Code  Gb  getchar.o [2]
isspace                      0x4aeb   0x14  Code  Wk  isspace.o [2]
ldexp                        0x117d         Code  Gb  ldexp.o [5]
ldexpf                       0x3a2d         Code  Gb  ldexpf.o [5]
ldexpl                       0x117d         Code  Gb  ldexp.o [5]
main                         0x4b11   0xb0  Code  Gb  main.o [1]
memchr                        0xfd1         Code  Gb  memchr.o [6]
next_abi_dtor_rec       0x2000'0164    0x4  Data  Lc  cppinit.o [2]
operator delete (void *)
                             0x2ec3    0xa  Code  Gb  delop_0.o [4]
operator delete (void *, unsigned int)
                             0x490d    0x4  Code  Gb  delop4_0.o [4]
operator new (unsigned int)
                             0x3045   0x24  Code  Gb  newop_0.o [4]
operator new (unsigned int, void *)
                             0x3069    0x4  Code  Wk  main.o [1]
pows                         0x37e4   0x18  Data  Lc  strto32.o [5]
putchar                      0x5531   0x20  Code  Gb  putchar.o [2]
scalbln                      0x117d         Code  Gb  ldexp.o [5]
scalblnf                     0x3a2d         Code  Gb  ldexpf.o [5]
scalblnl                     0x117d         Code  Gb  ldexp.o [5]
scalbn                       0x117d         Code  Gb  ldexp.o [5]
scalbnf                      0x3a2d         Code  Gb  ldexpf.o [5]
scalbnl                      0x117d         Code  Gb  ldexp.o [5]
scale                         0xe21   0x46  Code  Lc  xprintffull_nomb.o [2]
sec_hand                0x2000'0174    0x4  Data  Lc  xfail_s.o [2]
sprintf                      0x4409   0x40  Code  Gb  sprintf.o [2]
std::_Compressed_pair<std::_Wrap_alloc<std::allocator<char>>, std::_String_val<std::_Simple_types<char>>, (bool)1>::_Compressed_pair<const std::allocator<char>&>(std::_One_then_variadic_args_t, const std::allocator<char>& &&,  &&...)
                             0x2d0b   0x1c  Code  Wk  main.o [1]
std::_Compressed_pair<std::_Wrap_alloc<std::allocator<char>>, std::_String_val<std::_Simple_types<char>>, (bool)1>::_Get_first()
                             0x2d27    0x2  Code  Wk  main.o [1]
std::_Compressed_pair<std::_Wrap_alloc<std::allocator<char>>, std::_String_val<std::_Simple_types<char>>, (bool)1>::_Get_first() const
                             0x2e43    0x2  Code  Wk  main.o [1]
std::_Compressed_pair<std::_Wrap_alloc<std::allocator<char>>, std::_String_val<std::_Simple_types<char>>, (bool)1>::_Get_second()
                             0x2d3f    0x2  Code  Wk  main.o [1]
std::_Compressed_pair<std::_Wrap_alloc<std::allocator<char>>, std::_String_val<std::_Simple_types<char>>, (bool)1>::_Get_second() const
                             0x2d09    0x2  Code  Wk  main.o [1]
std::_Fpz               0x2000'0140   0x10  Data  Gb  ios.o [3]
std::_NomemoryNothrow()
                             0x3099    0x4  Code  Gb  nomemory.o [4]
std::_String_alloc<std::_String_base_types<char, std::allocator<char>>>::_Bx()
                             0x2b47    0x8  Code  Wk  main.o [1]
std::_String_alloc<std::_String_base_types<char, std::allocator<char>>>::_Get_data()
                             0x2b87    0x8  Code  Wk  main.o [1]
std::_String_alloc<std::_String_base_types<char, std::allocator<char>>>::_Get_data() const
                             0x2b09    0x8  Code  Wk  main.o [1]
std::_String_alloc<std::_String_base_types<char, std::allocator<char>>>::_Getal()
                             0x2b4f    0x8  Code  Wk  main.o [1]
std::_String_alloc<std::_String_base_types<char, std::allocator<char>>>::_Getal() const
                             0x2d41    0x8  Code  Wk  main.o [1]
std::_String_alloc<std::_String_base_types<char, std::allocator<char>>>::_Myptr()
                             0x29eb    0xc  Code  Wk  main.o [1]
std::_String_alloc<std::_String_base_types<char, std::allocator<char>>>::_Myptr() const
                             0x2843    0xc  Code  Wk  main.o [1]
std::_String_alloc<std::_String_base_types<char, std::allocator<char>>>::_Myres()
                             0x2b3d    0xa  Code  Wk  main.o [1]
std::_String_alloc<std::_String_base_types<char, std::allocator<char>>>::_Mysize()
                             0x2915    0xa  Code  Wk  main.o [1]
std::_String_alloc<std::_String_base_types<char, std::allocator<char>>>::_Mysize() const
                             0x284f    0xa  Code  Wk  main.o [1]
std::_String_alloc<std::_String_base_types<char, std::allocator<char>>>::_String_alloc(const std::allocator<char>&)
                             0x2b25   0x18  Code  Wk  main.o [1]
std::_String_alloc<std::_String_base_types<char, std::allocator<char>>>::_String_alloc(const std::allocator<char>&) [subobject]
                             0x2859    0x8  Code  Wk  main.o [1]
std::_String_val<std::_Simple_types<char>>::_Myptr()
                             0x2c93   0x12  Code  Wk  main.o [1]
std::_String_val<std::_Simple_types<char>>::_Myptr() const
                             0x2b11   0x12  Code  Wk  main.o [1]
std::_String_val<std::_Simple_types<char>>::_String_val()
                             0x2e2f    0xa  Code  Wk  main.o [1]
std::_Wrap_alloc<std::allocator<char>>::_Wrap_alloc(const std::allocator<char>&)
                             0x2ec1    0x2  Code  Wk  main.o [1]
std::_Wrap_alloc<std::allocator<char>>::_Wrap_alloc(const std::allocator<char>&) [subobject]
                             0x2e27    0x8  Code  Wk  main.o [1]
std::_Wrap_alloc<std::allocator<char>>::allocate(unsigned int)
                             0x2d51    0x8  Code  Wk  main.o [1]
std::_Wrap_alloc<std::allocator<char>>::deallocate(char *, unsigned int)
                             0x2b7f    0x8  Code  Wk  main.o [1]
std::_Wrap_alloc<std::allocator<char>>::max_size(std::_Nil) const
                             0x2d49    0x8  Code  Wk  main.o [1]
std::_Wrap_facet<std::ctype<char>>::_Wrap_facet()
                             0x277d   0x18  Code  Wk  main.o [1]
std::_Wrap_facet<std::num_get<char, std::istreambuf_iterator<char, std::char_traits<char>>>>::_Wrap_facet()
                             0x4e25   0x18  Code  Wk  main.o [1]
std::_Wrap_facet<std::num_put<char, std::ostreambuf_iterator<char, std::char_traits<char>>>>::_Wrap_facet()
                             0x4e45   0x18  Code  Wk  main.o [1]
std::_Wrap_facet<std::numpunct<char>>::_Wrap_facet()
                             0x2759   0x18  Code  Wk  main.o [1]
std::_Wrap_facet<std::numpunct<char>>::~_Wrap_facet()
                             0x5965    0xe  Code  Wk  main.o [1]
std::__iar_New_hand     0x2000'016c    0x4  Data  Gb  new.o [4]
std::__iar_cout_guard::~__iar_cout_guard()
                             0x58dd   0x14  Code  Wk  iostream_cout.o [3]
std::__nobasic_filebuf<char, std::char_traits<char>>::__nobasic_filebuf()
                             0x4fa9   0x5c  Code  Wk  iostream_cin.o [3]
std::__nobasic_filebuf<char, std::char_traits<char>>::overflow(int)
                             0x54f9   0x38  Code  Wk  iostream_cin.o [3]
std::__nobasic_filebuf<char, std::char_traits<char>>::pbackfail(int)
                             0x5301   0x4a  Code  Wk  iostream_cin.o [3]
std::__nobasic_filebuf<char, std::char_traits<char>>::uflow()
                             0x568d   0x2c  Code  Wk  iostream_cin.o [3]
std::__nobasic_filebuf<char, std::char_traits<char>>::underflow()
                             0x55f9   0x34  Code  Wk  iostream_cin.o [3]
std::allocator<char>::allocate(unsigned int)
                             0x2e4d    0xc  Code  Wk  main.o [1]
std::allocator<char>::deallocate(char *, unsigned int)
                             0x2d33    0xc  Code  Wk  main.o [1]
std::allocator<char>::max_size() const
                             0x2ecd    0x6  Code  Wk  main.o [1]
std::allocator_traits<std::allocator<char>>::max_size(const std::allocator<char>&)
                             0x2e45    0x8  Code  Wk  main.o [1]
std::char_traits<char>::assign(char &, char const &)
                             0x2c7d    0x6  Code  Wk  main.o [1]
std::char_traits<char>::assign(char *, unsigned int, char)
                             0x2c83   0x10  Code  Wk  main.o [1]
std::char_traits<char>::copy(char *, char const *, unsigned int)
                             0x2b71    0xe  Code  Wk  main.o [1]
std::char_traits<char>::eq_int_type(int const &, int const &)
                             0x2acd   0x12  Code  Wk  main.o [1]
std::char_traits<char>::length(char const *)
                             0x45fb    0x8  Code  Wk  main.o [1]
std::char_traits<char>::move(char *, char const *, unsigned int)
                             0x346f    0xe  Code  Wk  main.o [1]
std::char_traits<char>::to_char_type(int const &)
                             0x2adf    0x6  Code  Wk  main.o [1]
std::char_traits<char>::to_int_type(char const &)
                             0x2cf7    0x4  Code  Wk  main.o [1]
std::cin                0x2000'0014   0x30  Data  Gb  iostream_cin.o [3]
std::cout               0x2000'0084   0x2c  Data  Gb  iostream_cout.o [3]
std::ctype<char> const & std::use_facet<std::ctype<char>>()
                             0x25fd   0x20  Code  Wk  main.o [1]
std::ctype<char> const & std::use_facet<std::ctype<char>>()::_MyFacet
                        0x2000'0158    0x4  Data  Wk  main.o [1]
std::ctype<char>::ctype()
                             0x2ccd    0xc  Code  Wk  main.o [1]
std::ctype<char>::ctype() [subobject]
                             0x2aa1    0x8  Code  Wk  main.o [1]
std::ctype<char>::is(short, char) const
                             0x4a83   0x20  Code  Wk  main.o [1]
std::ctype<char>::narrow(char, char) const
                             0x4ae5    0x6  Code  Wk  main.o [1]
std::ctype<char>::widen(char const *, char const *, char *) const
                             0x261d   0x12  Code  Wk  main.o [1]
std::ctype<char>::widen(char) const
                             0x336b    0x6  Code  Wk  main.o [1]
std::ios::clear(std::_Iosb<int>::_Iostate, bool)
                             0x4743   0x18  Code  Wk  main.o [1]
std::ios::fill() const       0x4681    0x6  Code  Wk  main.o [1]
std::ios::rdbuf() const
                             0x4687    0x4  Code  Wk  main.o [1]
std::ios::setstate(std::_Iosb<int>::_Iostate, bool)
                             0x4695   0x28  Code  Wk  main.o [1]
std::ios::tie() const        0x46e7    0x4  Code  Wk  main.o [1]
std::ios_base::_Addstd(std::ios_base*)
                             0x4815   0x32  Code  Gb  ios.o [3]
std::ios_base::_Callfns(std::ios_base::event)
                             0x47f9   0x1c  Code  Gb  ios.o [3]
std::ios_base::_Init()       0x4855   0x1c  Code  Gb  ios.o [3]
std::ios_base::_Tidy()       0x4871   0x38  Code  Gb  ios.o [3]
std::ios_base::clear(std::_Iosb<int>::_Iostate, bool)
                             0x47b5   0x20  Code  Gb  ios.o [3]
std::ios_base::flags() const
                             0x211d    0x4  Code  Wk  main.o [1]
std::ios_base::good() const
                             0x46d3   0x14  Code  Wk  main.o [1]
std::ios_base::precision() const
                             0x42e5    0x4  Code  Wk  main.o [1]
std::ios_base::rdstate() const
                             0x473f    0x4  Code  Wk  main.o [1]
std::ios_base::width() const
                             0x3407    0x4  Code  Wk  main.o [1]
std::ios_base::width(int)
                             0x3467    0x8  Code  Wk  main.o [1]
std::ios_base::~ios_base()
                             0x47d5   0x24  Code  Gb  ios.o [3]
std::ios_base::~ios_base() [subobject]
                             0x47a9    0x2  Code  Gb  ios.o [3]
std::istream::_Ipfx(bool)
                             0x499f   0xe4  Code  Wk  main.o [1]
std::istream::_Sentry_base::_Sentry_base(std::istream&)
                             0x4e5d   0x48  Code  Wk  main.o [1]
std::istream::_Sentry_base::_Sentry_base(std::istream&) [subobject]
                             0x4e1d    0x8  Code  Wk  main.o [1]
std::istream::_Sentry_base::~_Sentry_base()
                             0x4ead   0x46  Code  Wk  main.o [1]
std::istream::_Sentry_base::~_Sentry_base() [subobject]
                             0x4e3d    0x8  Code  Wk  main.o [1]
std::istream::operator >>(float &)
                             0x4bc1   0x84  Code  Wk  main.o [1]
std::istream::sentry::operator bool() const
                             0x4d09    0x4  Code  Wk  main.o [1]
std::istream::sentry::sentry(std::istream&, bool)
                             0x4ced   0x1c  Code  Wk  main.o [1]
std::istream::sentry::~sentry()
                             0x4d6f    0xe  Code  Wk  main.o [1]
std::istream::~basic_istream()
                             0x5955   0x10  Code  Wk  iostream_cin.o [3]
std::istreambuf_iterator<char, std::char_traits<char>>::_Inc()
                             0x280f   0x34  Code  Wk  main.o [1]
std::istreambuf_iterator<char, std::char_traits<char>>::_Peek() const
                             0x27d5   0x3a  Code  Wk  main.o [1]
std::istreambuf_iterator<char, std::char_traits<char>>::equal(const std::istreambuf_iterator<char, std::char_traits<char>>&) const
                             0x2795   0x40  Code  Wk  main.o [1]
std::istreambuf_iterator<char, std::char_traits<char>>::istreambuf_iterator(std::streambuf *)
                             0x4d2d   0x14  Code  Wk  main.o [1]
std::istreambuf_iterator<char, std::char_traits<char>>::operator *() const
                             0x2637   0x14  Code  Wk  main.o [1]
std::istreambuf_iterator<char, std::char_traits<char>>::operator ++()
                             0x264b    0xe  Code  Wk  main.o [1]
std::num_get<char, std::istreambuf_iterator<char, std::char_traits<char>>> const & std::use_facet<std::num_get<char, std::istreambuf_iterator<char, std::char_traits<char>>>>()
                             0x4d0d   0x20  Code  Wk  main.o [1]
std::num_get<char, std::istreambuf_iterator<char, std::char_traits<char>>> const & std::use_facet<std::num_get<char, std::istreambuf_iterator<char, std::char_traits<char>>>>()::_MyFacet
                        0x2000'015c    0x4  Data  Wk  main.o [1]
std::num_get<char, std::istreambuf_iterator<char, std::char_traits<char>>>::_Getffld(char *, std::istreambuf_iterator<char, std::char_traits<char>> &, std::istreambuf_iterator<char, std::char_traits<char>> &, std::ios_base &, int *) const
                             0x1c71  0x4ac  Code  Wk  main.o [1]
std::num_get<char, std::istreambuf_iterator<char, std::char_traits<char>>>::_Getffld(char *, std::istreambuf_iterator<char, std::char_traits<char>> &, std::istreambuf_iterator<char, std::char_traits<char>> &, std::ios_base &, int *) const::_Src
                             0x5924   0x10  Data  Wk  main.o [1]
std::num_get<char, std::istreambuf_iterator<char, std::char_traits<char>>>::_Getffldx(char *, std::istreambuf_iterator<char, std::char_traits<char>> &, std::istreambuf_iterator<char, std::char_traits<char>> &, std::ios_base &, int *) const
                             0x2129  0x498  Code  Wk  main.o [1]
std::num_get<char, std::istreambuf_iterator<char, std::char_traits<char>>>::_Getffldx(char *, std::istreambuf_iterator<char, std::char_traits<char>> &, std::istreambuf_iterator<char, std::char_traits<char>> &, std::ios_base &, int *) const::_Src
                             0x57dc   0x20  Data  Wk  main.o [1]
std::num_get<char, std::istreambuf_iterator<char, std::char_traits<char>>>::do_get(std::istreambuf_iterator<char, std::char_traits<char>>, std::istreambuf_iterator<char, std::char_traits<char>>, std::ios_base &, std::_Iosb<int>::_Iostate &, float &) const
                             0x5095   0x80  Code  Wk  main.o [1]
std::num_get<char, std::istreambuf_iterator<char, std::char_traits<char>>>::get(std::istreambuf_iterator<char, std::char_traits<char>>, std::istreambuf_iterator<char, std::char_traits<char>>, std::ios_base &, std::_Iosb<int>::_Iostate &, float &) const
                             0x4d41   0x2e  Code  Wk  main.o [1]
std::num_get<char, std::istreambuf_iterator<char, std::char_traits<char>>>::num_get()
                             0x4efd    0xc  Code  Wk  main.o [1]
std::num_get<char, std::istreambuf_iterator<char, std::char_traits<char>>>::num_get() [subobject]
                             0x4ea5    0x8  Code  Wk  main.o [1]
std::num_put<char, std::ostreambuf_iterator<char, std::char_traits<char>>> const & std::use_facet<std::num_put<char, std::ostreambuf_iterator<char, std::char_traits<char>>>>()
                             0x4d7d   0x20  Code  Wk  main.o [1]
std::num_put<char, std::ostreambuf_iterator<char, std::char_traits<char>>> const & std::use_facet<std::num_put<char, std::ostreambuf_iterator<char, std::char_traits<char>>>>()::_MyFacet
                        0x2000'0160    0x4  Data  Wk  main.o [1]
std::num_put<char, std::ostreambuf_iterator<char, std::char_traits<char>>>::_Ffmt(char *, char, std::_Iosb<int>::_Fmtflags) const
                             0x4309   0xfe  Code  Wk  main.o [1]
std::num_put<char, std::ostreambuf_iterator<char, std::char_traits<char>>>::_Fput(std::ostreambuf_iterator<char, std::char_traits<char>>, std::ios_base &, char, char const *, unsigned int, unsigned int, unsigned int, unsigned int) const
                             0x309d  0x2ac  Code  Wk  main.o [1]
std::num_put<char, std::ostreambuf_iterator<char, std::char_traits<char>>>::_Fput(std::ostreambuf_iterator<char, std::char_traits<char>>, std::ios_base &, char, char const *, unsigned int, unsigned int, unsigned int, unsigned int) const::string
                             0x59e0    0x4  Data  Wk  main.o [1]
std::num_put<char, std::ostreambuf_iterator<char, std::char_traits<char>>>::_Fput(std::ostreambuf_iterator<char, std::char_traits<char>>, std::ios_base &, char, char const *, unsigned int, unsigned int, unsigned int, unsigned int) const::string (instance 2)
                             0x59e4    0x4  Data  Wk  main.o [1]
std::num_put<char, std::ostreambuf_iterator<char, std::char_traits<char>>>::_Put(std::ostreambuf_iterator<char, std::char_traits<char>>, char const *, unsigned int) const
                             0x3439   0x2e  Code  Wk  main.o [1]
std::num_put<char, std::ostreambuf_iterator<char, std::char_traits<char>>>::_Rep(std::ostreambuf_iterator<char, std::char_traits<char>>, char, unsigned int) const
                             0x340b   0x2e  Code  Wk  main.o [1]
std::num_put<char, std::ostreambuf_iterator<char, std::char_traits<char>>>::do_put(std::ostreambuf_iterator<char, std::char_traits<char>>, std::ios_base &, char, double) const
                             0x4115  0x1d0  Code  Wk  main.o [1]
std::num_put<char, std::ostreambuf_iterator<char, std::char_traits<char>>>::num_put()
                             0x4f09    0xc  Code  Wk  main.o [1]
std::num_put<char, std::ostreambuf_iterator<char, std::char_traits<char>>>::num_put() [subobject]
                             0x4ef3    0x8  Code  Wk  main.o [1]
std::num_put<char, std::ostreambuf_iterator<char, std::char_traits<char>>>::put(std::ostreambuf_iterator<char, std::char_traits<char>>, std::ios_base &, char, double) const
                             0x4ded   0x2c  Code  Wk  main.o [1]
std::numpunct<char> const & std::use_facet<std::numpunct<char>>()
                             0x25c1   0x30  Code  Wk  main.o [1]
std::numpunct<char> const & std::use_facet<std::numpunct<char>>()::_MyFacet
                        0x2000'0128   0x14  Data  Wk  main.o [1]
std::numpunct<char>::_Init()
                             0x2ddd   0x44  Code  Wk  main.o [1]
std::numpunct<char>::_Init()::string
                             0x17d2    0x1  Data  Wk  main.o [1]
std::numpunct<char>::_Init()::string (instance 2)
                             0x59b8    0x8  Data  Wk  main.o [1]
std::numpunct<char>::_Init()::string (instance 3)
                             0x59c0    0x8  Data  Wk  main.o [1]
std::numpunct<char>::_Tidy()
                             0x5889   0x18  Code  Wk  main.o [1]
std::numpunct<char>::decimal_point() const
                             0x274d    0xa  Code  Wk  main.o [1]
std::numpunct<char>::do_decimal_point() const
                             0x59e9    0x4  Code  Wk  main.o [1]
std::numpunct<char>::do_grouping() const
                             0x59ad    0xa  Code  Wk  main.o [1]
std::numpunct<char>::do_thousands_sep() const
                             0x59ed    0x4  Code  Wk  main.o [1]
std::numpunct<char>::grouping() const
                             0x25f1    0xa  Code  Wk  main.o [1]
std::numpunct<char>::numpunct()
                             0x2ca5   0x28  Code  Wk  main.o [1]
std::numpunct<char>::numpunct() [subobject]
                             0x29f7    0x8  Code  Wk  main.o [1]
std::numpunct<char>::thousands_sep() const
                             0x26a1    0xa  Code  Wk  main.o [1]
std::numpunct<char>::~numpunct()
                             0x5871   0x18  Code  Wk  main.o [1]
std::numpunct<char>::~numpunct() [subobject]
                             0x5973    0x8  Code  Wk  main.o [1]
std::operator &(std::_Iosb<int>::_Fmtflags, std::_Iosb<int>::_Fmtflags)
                             0x2121    0x6  Code  Wk  main.o [1]
std::operator |=(std::_Iosb<int>::_Iostate &, std::_Iosb<int>::_Iostate)
                             0x4679    0x8  Code  Wk  main.o [1]
std::ostream & std::operator <<<std::char_traits<char>>(std::ostream &, char const *)
                             0x4449  0x1b2  Code  Wk  main.o [1]
std::ostream::_Flush_sentry::_Flush_sentry(std::ostream&)
                             0x4763   0x28  Code  Wk  main.o [1]
std::ostream::_Flush_sentry::_Flush_sentry(std::ostream&) [subobject]
                             0x46cb    0x8  Code  Wk  main.o [1]
std::ostream::_Flush_sentry::operator bool() const
                             0x4675    0x4  Code  Wk  main.o [1]
std::ostream::_Flush_sentry::~_Flush_sentry()
                             0x4795   0x14  Code  Wk  main.o [1]
std::ostream::_Flush_sentry::~_Flush_sentry() [subobject]
                             0x475b    0x8  Code  Wk  main.o [1]
std::ostream::_Osfx()        0x48b1   0x54  Code  Wk  main.o [1]
std::ostream::_Sentry_base::_Sentry_base(std::ostream&)
                             0x4911   0x48  Code  Wk  main.o [1]
std::ostream::_Sentry_base::_Sentry_base(std::ostream&) [subobject]
                             0x48a9    0x8  Code  Wk  main.o [1]
std::ostream::_Sentry_base::~_Sentry_base()
                             0x4959   0x46  Code  Wk  main.o [1]
std::ostream::_Sentry_base::~_Sentry_base() [subobject]
                             0x4905    0x8  Code  Wk  main.o [1]
std::ostream::flush()        0x46eb   0x54  Code  Wk  main.o [1]
std::ostream::operator <<(float)
                             0x4c45   0xa8  Code  Wk  main.o [1]
std::ostream::sentry::sentry(std::ostream&)
                             0x4603   0x72  Code  Wk  main.o [1]
std::ostream::sentry::~sentry()
                             0x46bd    0xe  Code  Wk  main.o [1]
std::ostream::~basic_ostream()
                             0x597b    0xe  Code  Wk  iostream_cout.o [3]
std::ostreambuf_iterator<char, std::char_traits<char>>::failed() const
                             0x4e19    0x4  Code  Wk  main.o [1]
std::ostreambuf_iterator<char, std::char_traits<char>>::operator *()
                             0x347d    0x2  Code  Wk  main.o [1]
std::ostreambuf_iterator<char, std::char_traits<char>>::operator ++()
                             0x34ad    0x2  Code  Wk  main.o [1]
std::ostreambuf_iterator<char, std::char_traits<char>>::operator =(char)
                             0x347f   0x2e  Code  Wk  main.o [1]
std::ostreambuf_iterator<char, std::char_traits<char>>::ostreambuf_iterator(std::streambuf *)
                             0x4d9d    0x8  Code  Wk  main.o [1]
std::remove_reference<char *&>::type && std::move<char *&>(char *& &&)
                             0x2d59    0x2  Code  Wk  main.o [1]
std::streambuf::_Gnavail() const
                             0x2cd9   0x18  Code  Wk  main.o [1]
std::streambuf::_Gninc()
                             0x2cfb    0xe  Code  Wk  main.o [1]
std::streambuf::_Gnpreinc()
                             0x4aff   0x10  Code  Wk  main.o [1]
std::streambuf::_Lock()
                             0x1317    0x2  Code  Wk  iostream_cin.o [3]
std::streambuf::_Pnavail() const
                             0x355b   0x18  Code  Wk  main.o [1]
std::streambuf::_Pninc()
                             0x3573    0xe  Code  Wk  main.o [1]
std::streambuf::_Unlock()
                             0x1567    0x2  Code  Wk  iostream_cin.o [3]
std::streambuf::gptr() const
                             0x2cf1    0x6  Code  Wk  main.o [1]
std::streambuf::overflow(int)
                             0x109f    0x6  Code  Wk  iostream_cin.o [3]
std::streambuf::pubsync()
                             0x478b    0xa  Code  Wk  main.o [1]
std::streambuf::sbumpc()
                             0x2ae5   0x24  Code  Wk  main.o [1]
std::streambuf::sgetc()
                             0x2aa9   0x24  Code  Wk  main.o [1]
std::streambuf::snextc()
                             0x4aa3   0x42  Code  Wk  main.o [1]
std::streambuf::sputc(char)
                             0x3529   0x32  Code  Wk  main.o [1]
std::streambuf::sputn(char const *, int)
                             0x468b    0xa  Code  Wk  main.o [1]
std::streambuf::sync()       0x59f1    0x4  Code  Wk  iostream_cin.o [3]
std::streambuf::uflow()
                              0xf2f   0x22  Code  Wk  iostream_cin.o [3]
std::streambuf::underflow()
                             0x12b7    0x6  Code  Wk  iostream_cin.o [3]
std::streambuf::xsputn(char const *, int)
                             0x521f   0x5e  Code  Wk  iostream_cin.o [3]
std::string::_Chassign(unsigned int, unsigned int, char)
                             0x2999   0x2a  Code  Wk  main.o [1]
std::string::_Copy(unsigned int, unsigned int)
                             0x2ba7   0xd6  Code  Wk  main.o [1]
std::string::_Eos(unsigned int)
                             0x29c3   0x28  Code  Wk  main.o [1]
std::string::_Grow(unsigned int, bool)
                             0x291f   0x7a  Code  Wk  main.o [1]
std::string::_Inside(char const *)
                             0x52cf   0x32  Code  Wk  main.o [1]
std::string::_Tidy(bool, unsigned int)
                             0x2861   0x7a  Code  Wk  main.o [1]
std::string::append(unsigned int, char)
                             0x26d5   0x5a  Code  Wk  main.o [1]
std::string::assign(char const *)
                             0x579d   0x18  Code  Wk  main.o [1]
std::string::assign(char const *, unsigned int)
                             0x527d   0x52  Code  Wk  main.o [1]
std::string::assign(const std::string&, unsigned int, unsigned int)
                             0x5115   0x7c  Code  Wk  main.o [1]
std::string::assign(unsigned int, char)
                             0x28db   0x3a  Code  Wk  main.o [1]
std::string::basic_string(char const *)
                             0x5779   0x24  Code  Wk  main.o [1]
std::string::basic_string(unsigned int, char)
                             0x26ab   0x2a  Code  Wk  main.o [1]
std::string::erase(unsigned int)
                             0x5191   0x22  Code  Wk  main.o [1]
std::string::erase(unsigned int, unsigned int)
                             0x51b3   0x6c  Code  Wk  main.o [1]
std::string::insert(unsigned int, unsigned int, char)
                             0x3371   0x96  Code  Wk  main.o [1]
std::string::max_size() const
                             0x2b8f   0x18  Code  Wk  main.o [1]
std::string::operator [](unsigned int)
                             0x272f    0xc  Code  Wk  main.o [1]
std::string::operator [](unsigned int) const
                             0x2659    0xc  Code  Wk  main.o [1]
std::string::size() const
                             0x2665    0xa  Code  Wk  main.o [1]
std::string::~basic_string()
                             0x273b   0x12  Code  Wk  main.o [1]
strchr                        0xf19         Code  Gb  strchr.o [6]
strcspn                      0x3349   0x22  Code  Gb  strcspn.o [2]
strlen                        0xf91         Code  Gb  strlen.o [6]
unsigned int std::_Find_elem<char>(char *, char)
                             0x2683   0x1e  Code  Wk  main.o [1]
void std::_Deallocate<char>(char *, unsigned int)
                             0x2e3b    0x8  Code  Wk  main.o [1]
void std::_Wrap_alloc<std::allocator<char>>::construct<char *, char *>(char * *, char * &&...)
                             0x2d5b   0x18  Code  Wk  main.o [1]
void std::_Wrap_alloc<std::allocator<char>>::destroy<char *>(char * *)
                             0x2b57    0x8  Code  Wk  main.o [1]
void std::allocator<char>::construct<char *, char *>(char * *, char * &&...)
                             0x2ee5   0x20  Code  Wk  main.o [1]
void std::allocator<char>::destroy<char *>(char * *)
                             0x2e39    0x2  Code  Wk  main.o [1]
void std::allocator_traits<std::allocator<char>>::construct<char *, char *>(std::allocator<char>&, char * *, char * &&...)
                             0x2e5b   0x18  Code  Wk  main.o [1]
void std::allocator_traits<std::allocator<char>>::destroy<char *>(std::allocator<char>&, char * *)
                             0x2d29    0x8  Code  Wk  main.o [1]
void std::numpunct<char>::_Getvals<char>(char)
                             0x2ea7   0x1a  Code  Wk  main.o [1]


[1] = C:\Users\luigi\Documents\2023\Embarcados\Luigi\lab1-luigi\Debug\Obj
[2] = dl7M_tln.a
[3] = dlpp7M_tl_nc.a
[4] = dlpprt7M_tl_nc.a
[5] = m7M_tl.a
[6] = rt7M_tl.a
[7] = shb_l.a

  22'132 bytes of readonly  code memory
     894 bytes of readonly  data memory
   3'886 bytes of readwrite data memory

Errors: none
Warnings: none
